// Jest Snapshot v1, https://goo.gl/fbAQLP

exports[`components/PokeballLoader PokeballLoader is rendering Checking PokeballLoader snapshot 1`] = `
VueWrapper {
  "_emitted": Object {},
  "_emittedByOrder": Array [],
  "isFunctionalComponent": undefined,
}
`;
